=== ENTERPRISE AUDIT LOG GENERATED: 2026-06-07 08:51:13.525174 ===
Timestamp (UTC)     | Event Type    | Sanitized Payload
----------------------------------------------------------------------
2026-06-07 03:21:21 | KEY_INTERACT  | User modified buffer. Active key symbol: H
2026-06-07 03:21:21 | KEY_INTERACT  | User modified buffer. Active key symbol: Shift_L
2026-06-07 03:21:21 | KEY_INTERACT  | User modified buffer. Active key symbol: e
2026-06-07 03:21:21 | KEY_INTERACT  | User modified buffer. Active key symbol: l
2026-06-07 03:21:21 | KEY_INTERACT  | User modified buffer. Active key symbol: l
2026-06-07 03:21:21 | KEY_INTERACT  | User modified buffer. Active key symbol: o
2026-06-07 03:21:22 | KEY_INTERACT  | User modified buffer. Active key symbol: space
2026-06-07 03:21:23 | KEY_INTERACT  | User modified buffer. Active key symbol: w
2026-06-07 03:21:23 | KEY_INTERACT  | User modified buffer. Active key symbol: o
2026-06-07 03:21:23 | KEY_INTERACT  | User modified buffer. Active key symbol: r
2026-06-07 03:21:23 | KEY_INTERACT  | User modified buffer. Active key symbol: l
2026-06-07 03:21:24 | KEY_INTERACT  | User modified buffer. Active key symbol: d
2026-06-07 03:21:25 | KEY_INTERACT  | User modified buffer. Active key symbol: comma
2026-06-07 03:21:25 | KEY_INTERACT  | User modified buffer. Active key symbol: space
2026-06-07 03:21:27 | KEY_INTERACT  | User modified buffer. Active key symbol: Shift_L
2026-06-07 03:21:27 | KEY_INTERACT  | User modified buffer. Active key symbol: w
2026-06-07 03:21:27 | KEY_INTERACT  | User modified buffer. Active key symbol: e
2026-06-07 03:21:27 | KEY_INTERACT  | User modified buffer. Active key symbol: l
2026-06-07 03:21:28 | KEY_INTERACT  | User modified buffer. Active key symbol: c
2026-06-07 03:21:28 | KEY_INTERACT  | User modified buffer. Active key symbol: o
2026-06-07 03:21:28 | KEY_INTERACT  | User modified buffer. Active key symbol: m
2026-06-07 03:21:28 | KEY_INTERACT  | User modified buffer. Active key symbol: e
2026-06-07 03:21:28 | KEY_INTERACT  | User modified buffer. Active key symbol: space
2026-06-07 03:21:29 | KEY_INTERACT  | User modified buffer. Active key symbol: t
2026-06-07 03:21:29 | KEY_INTERACT  | User modified buffer. Active key symbol: o
2026-06-07 03:21:29 | KEY_INTERACT  | User modified buffer. Active key symbol: space
2026-06-07 03:21:30 | KEY_INTERACT  | User modified buffer. Active key symbol: s
2026-06-07 03:21:31 | KEY_INTERACT  | User modified buffer. Active key symbol: c
2026-06-07 03:21:32 | KEY_INTERACT  | User modified buffer. Active key symbol: BackSpace
2026-06-07 03:21:32 | KEY_INTERACT  | User modified buffer. Active key symbol: k
2026-06-07 03:21:32 | KEY_INTERACT  | User modified buffer. Active key symbol: i
2026-06-07 03:21:33 | KEY_INTERACT  | User modified buffer. Active key symbol: l
2026-06-07 03:21:33 | KEY_INTERACT  | User modified buffer. Active key symbol: l
2026-06-07 03:21:33 | KEY_INTERACT  | User modified buffer. Active key symbol: c
2026-06-07 03:21:33 | KEY_INTERACT  | User modified buffer. Active key symbol: r
2026-06-07 03:21:34 | KEY_INTERACT  | User modified buffer. Active key symbol: a
2026-06-07 03:21:34 | KEY_INTERACT  | User modified buffer. Active key symbol: f
2026-06-07 03:21:34 | KEY_INTERACT  | User modified buffer. Active key symbol: t
2026-06-07 03:21:35 | KEY_INTERACT  | User modified buffer. Active key symbol: space
2026-06-07 03:21:35 | KEY_INTERACT  | User modified buffer. Active key symbol: t
2026-06-07 03:21:36 | KEY_INTERACT  | User modified buffer. Active key symbol: e
2026-06-07 03:21:36 | KEY_INTERACT  | User modified buffer. Active key symbol: c
2026-06-07 03:21:36 | KEY_INTERACT  | User modified buffer. Active key symbol: h
2026-06-07 03:21:36 | KEY_INTERACT  | User modified buffer. Active key symbol: n
2026-06-07 03:21:37 | KEY_INTERACT  | User modified buffer. Active key symbol: o
2026-06-07 03:21:37 | KEY_INTERACT  | User modified buffer. Active key symbol: l
2026-06-07 03:21:39 | KEY_INTERACT  | User modified buffer. Active key symbol: o
2026-06-07 03:21:39 | KEY_INTERACT  | User modified buffer. Active key symbol: g
2026-06-07 03:21:40 | KEY_INTERACT  | User modified buffer. Active key symbol: y
2026-06-07 03:21:40 | KEY_INTERACT  | User modified buffer. Active key symbol: 1
2026-06-07 03:21:41 | KEY_INTERACT  | User modified buffer. Active key symbol: exclam
2026-06-07 03:21:41 | KEY_INTERACT  | User modified buffer. Active key symbol: Shift_L
2026-06-07 03:21:43 | SESSION_FLUSH | Hello world, Welcome to skillcraft technology1!
